D286_01_ROOT_AUDIT_PHASE=D287_ACTIVE_USER_PAM_PRE
D286_01_STATE_COHERENCE=PASS_ROOT_ONLY
D286_01_RUNTIME_INTEGRITY=PASS
D286_01_WRAPPER_PROVENANCE=PASS
D286_01_AUTHSELECT_SCOPE=PASS_REDUCED
D286_01_PASSWORD_FALLBACK=PASS
D286_01_TEMPLATE_OWNERSHIP=PASS_PINNED_EXACTLY_ONE
D286_01_SYSTEM_LIBFPRINT_UNCHANGED=true
D286_01_UNINSTALL_READINESS=PASS_ALL_PREDELETE_GATES
D286_01_BOOT_ID=af986ce0-5fea-4aae-bd5e-4d483b0a5c4f
D286_01_D287_ACTIVE_USER_PAM_PRE_ROOT_AUDIT_SENSOR_ACTION_COUNT=0
Probe PAM singolo dalla sessione grafica attiva; nessuna finestra fullscreen.
Il runner esegue pkcheck sul proprio PID/start-time/UID prima di pam_start.
Massimo una VERIFY e un solo contatto. Ctrl-C interrompe; non appoggiare di nuovo il dito.
Per autorizzare il solo contatto con INDICE DESTRO digitare INDICE DESTRO: D287_01_PROBE_UNPRIVILEGED_IDENTITY=PASS
D287_01_PROBE_POLKIT_SUBJECT_PID=121963
D287_01_PROBE_POLKIT_SUBJECT_START_TIME=746239
D287_01_PROBE_POLKIT_SUBJECT_UID=1000
D287_01_PROBE_RUNNER_CGROUP=/user.slice/user-1000.slice/user@1000.service/app.slice/app-org.kde.konsole-5284.scope/tab(5363).scope
D287_01_PROBE_PKCHECK_RETURN_CODE=0
D287_01_PROBE_ACTIVE_USER_POLKIT_PREFLIGHT=PASS
PAM: Place your right index finger on the fingerprint reader
D287_01_PROBE_PAM_START_CONFDIR_RETURN_CODE=0
D287_01_PROBE_PAM_AUTHENTICATE_RETURN_CODE=0
D287_01_PROBE_PAM_END_RETURN_CODE=0
D287_01_PROBE_OUTCOME=MATCH_REACHED_VERIFY
D287_01_PROBE_RUNNER_RETURN_CODE=0
D287_01_PROBE_TIMEOUT_RETURN_CODE=0
D287_01_PROBE_ALL_EPOCH_COUNT=1
D287_01_PROBE_VERIFY_EPOCH_COUNT=1
D287_01_PROBE_MATCH_START_COUNT=1
D287_01_PROBE_COMPARISON_COUNT=1
D287_01_PROBE_EXTRACT_COUNT=1
D287_01_PROBE_OUTCOME_MARKER_COUNT=1
D287_01_PROBE_EXTRACT_KEYPOINTS=157
D287_01_PROBE_TEMPLATE_SAMPLE_COUNT=8
D287_01_PROBE_DECLARED_COMPARISON_COUNT=1
D287_01_PROBE_MATCHED_SAMPLE=1
D287_01_PROBE_MATCH_COUNT=1
D287_01_PROBE_NO_MATCH_COUNT=0
D287_01_PROBE_RETRY_COUNT=0
D287_01_PROBE_REOPEN_COUNT=0
D287_01_PROBE_RESET_COUNT=0
D287_01_PROBE_CLEAR_HALT_COUNT=0
D287_01_PROBE_PERSISTENT_WRITE_FAMILY_COUNT=0
D287_01_PROBE_LIST_ENROLLED_FINGERS_DENIAL_COUNT=0
D287_01_PROBE_POLKIT_PREFLIGHT_PASS_COUNT=1
D287_01_PROBE_POLKIT_PREFLIGHT_FAIL_COUNT=0
D287_01_PROBE_PAM_NOT_STARTED_COUNT=0
D287_01_PROBE_ACTION_ATTEMPT_COUNT=1
D287_01_PROBE_ACTION_REJECTED_COUNT=0
D287_01_PROBE_ACTION_CONSUMED_COUNT=1
D287_01_PROBE_TLS_COUNT=1
D287_01_PROBE_FIRST_IMAGE_COUNT=1
D287_01_PROBE_REAL_USB_SUBMIT_COUNT=75
D287_01_PROBE_OUTSTANDING_COUNT=0
D287_01_PROBE_DRAINED_COUNT=1
D287_01_PROBE_CONTEXT_CLOSED_COUNT=1
D286_01_ROOT_AUDIT_PHASE=D287_ACTIVE_USER_PAM_POST
D286_01_STATE_COHERENCE=PASS_ROOT_ONLY
D286_01_RUNTIME_INTEGRITY=PASS
D286_01_WRAPPER_PROVENANCE=PASS
D286_01_AUTHSELECT_SCOPE=PASS_REDUCED
D286_01_PASSWORD_FALLBACK=PASS
D286_01_TEMPLATE_OWNERSHIP=PASS_PINNED_EXACTLY_ONE
D286_01_SYSTEM_LIBFPRINT_UNCHANGED=true
D286_01_UNINSTALL_READINESS=PASS_ALL_PREDELETE_GATES
D286_01_BOOT_ID=af986ce0-5fea-4aae-bd5e-4d483b0a5c4f
D286_01_D287_ACTIVE_USER_PAM_POST_ROOT_AUDIT_SENSOR_ACTION_COUNT=0
D287_01_PROBE_SERIES_RESULT=PROBE_REACHED_VERIFY_PENDING_INDEPENDENT_REVIEW
D287_01_PROBE_HOST_PAM_FILE_WRITE_COUNT=0
D287_01_PROBE_REAL_SESSION_LOCKED=false
D287_01_PROBE_GREETER_STARTED=false
D287_01_PROBE_MAX_VERIFY_ACTIONS=1
D287_01_PROBE_MAX_PHYSICAL_CONTACTS=1
D287_01_PROBE_AUTOMATIC_OR_IMPLICIT_SENSOR_RETRY_ALLOWED=false
D287_01_PROBE_JOURNAL_COLLECTION_RETURN_CODE=0
D287_01_PROBE_RUNNER_CAPTURE_TEE_RETURN_CODE=0
D287_01_PROBE_CLASSIFICATION_CAPTURE_TEE_RETURN_CODE=0
D287_01_PROBE_POST_ROOT_AUDIT_RETURN_CODE=0
D287_01_PROBE_TEMP_CLEANUP_RETURN_CODE=0
D287_01_PROBE_OPERATOR_INTERRUPTED=false
TEMPLATE_INCLUDED_IN_EXPORT=false
