D288_PAM_REDIRECT_SERVICE=kde-fingerprint
D288_PAM_SMOKE_START=0
D288_PAM_SMOKE_AUTH=0
D288_PAM_SMOKE_END=0
D288_PRELOAD_PAM_START_CONFDIR_SMOKE=PASS
D288_GREETER_PAM_START_DYNAMIC_SYMBOL=PASS
D288_TARGET_SYSFS_CARDINALITY=1
D288_EXISTING_GREETER_COUNT=0
D286_01_ROOT_AUDIT_PHASE=D288_KSCREENLOCKER_PRE
D286_01_STATE_COHERENCE=PASS_ROOT_ONLY
D286_01_RUNTIME_INTEGRITY=PASS
D286_01_WRAPPER_PROVENANCE=PASS
D286_01_AUTHSELECT_SCOPE=PASS_REDUCED
D286_01_PASSWORD_FALLBACK=PASS
D286_01_TEMPLATE_OWNERSHIP=PASS_PINNED_EXACTLY_ONE
D286_01_SYSTEM_LIBFPRINT_UNCHANGED=true
D286_01_UNINSTALL_READINESS=PASS_ALL_PREDELETE_GATES
D286_01_BOOT_ID=6640948d-ee62-47a9-a38f-ef710d6633a6
D286_01_D288_KSCREENLOCKER_PRE_ROOT_AUDIT_SENSOR_ACTION_COUNT=0
D288_PRE_AUDIT=PASS
D288_PRE_AUDIT_SENSOR_ACTION_COUNT=0
