LIVE_RUN_STARTED=true
ACTION_ALLOWLIST=ENROLL_ONLY
HOST_DEADLINE_SECONDS=600
DEVICE_SIDE_TIMEOUT_OR_QUIESCENCE_INFERRED=false
REAL_USB_ENUMERATION_ATTEMPTED=true
TARGET_DRIVER_MATCH_COUNT=1
DISPOSITIVO=Goodix 27c6:5125 Fingerprint Sensor
OPEN_ATTEMPT_COUNT=1
OPEN_SUCCEEDED=true
AZIONE_OPERATORE=METTI L'INDICE DESTRO SUL SENSORE; usa sempre lo stesso dito.
ACTION_ATTEMPT_COUNT=1

(process:66168): libfprint-image_device-WARNING **: 08:09:29.654: Failed to detect minutiae: No minutiae found
ERRORE_STAGE=Minutiae detection failed, please retry
STOP_NO_RETRY=true
ENROLLMENT_SUCCEEDED=false
ERRORE_ENROLLMENT=Operation was cancelled
CLOSE_ATTEMPT_COUNT=1
CLOSE_SUCCEEDED=true
PRODUCTION_AUDIT_AVAILABLE=true
AUDIT_CONTEXT_CLOSED=true
AUDIT_ACTION_CONSUMED=true
AUDIT_PRE_SESSION_RESULT=2
AUDIT_PRE_SESSION_COMPLETION_COUNT=0
AUDIT_PRE_SESSION_BYTE_COUNT=0
AUDIT_PRE_SESSION_HOST_TIMEOUT_COUNT=1
AUDIT_USB_REAL_SUBMIT_COUNT=75
AUDIT_USB_OUT_SUBMIT_COUNT=30
AUDIT_USB_IN_COMPLETION_COUNT=45
AUDIT_USB_OUT_COMPLETION_COUNT=30
AUDIT_USB_MAX_IN_OUTSTANDING=1
AUDIT_USB_MAX_OUT_OUTSTANDING=1
AUDIT_USB_OUTSTANDING_AT_SNAPSHOT=0
AUDIT_USB_OUT_OUTSTANDING_AT_SNAPSHOT=0
AUDIT_USB_BACKEND_DRAINED=true
AUDIT_USB_INTERFACE_CLAIMED_AT_SNAPSHOT=false
AUDIT_RUNTIME_MATERIAL_PRESENT_AT_SNAPSHOT=false
AUDIT_RUNTIME_OWNER_FREE_COUNT=1
AUDIT_RUNTIME_DESCRIPTOR_CLEANSED=true
AUDIT_RUNTIME_FDT_SEED_CLEANSED=true
AUDIT_RUNTIME_HANDOFF_VIEWS_CLEARED=true
AUDIT_SECURE_COMMAND_COUNT=14
AUDIT_SECURE_ACK_COUNT=13
AUDIT_SECURE_TYPED_RESPONSE_COUNT=8
AUDIT_SECURE_RETRY_COUNT=0
AUDIT_SECURE_REOPEN_COUNT=0
AUDIT_SECURE_DEVICE_RESET_COUNT=0
AUDIT_SECURE_CLEAR_HALT_COUNT=0
AUDIT_SECURE_PROTOCOL_FAILURE_RECORDED=false
AUDIT_SECURE_PROTOCOL_FAILURE_PHASE=16
AUDIT_SECURE_PROTOCOL_FAILURE_KIND=0
AUDIT_TLS_HANDSHAKE_COUNT=1
AUDIT_TLS_TERMINAL_COMPLETION_COUNT=0
AUDIT_TLS_SECRET_ZEROIZED=true
AUDIT_POST_TLS_COMMAND_COUNT=9
AUDIT_POST_TLS_ACK_COUNT=8
AUDIT_POST_TLS_RETRY_COUNT=0
AUDIT_POST_TLS_REOPEN_COUNT=0
AUDIT_POST_TLS_DEVICE_RESET_COUNT=0
AUDIT_POST_TLS_CLEAR_HALT_COUNT=0
AUDIT_ENROLL_EVENT_SUBMIT_COUNT=0
AUDIT_ENROLL_EVENT_ACK_COUNT=1
AUDIT_ENROLL_EVENT_PRIMARY_B0_COUNT=1
AUDIT_ENROLL_EVENT_AUXILIARY_B0_COUNT=0
AUDIT_ENROLL_EVENT_RETRY_COUNT=0
AUDIT_ENROLL_BINDING_BACKEND_SUBMIT_ATTEMPT_COUNT=2
AUDIT_ENROLL_BINDING_BACKEND_COMPLETION_COUNT=2
AUDIT_ENROLL_BINDING_CANCELLATION_COUNT=1
AUDIT_ENROLL_BINDING_RETRY_COUNT=0
AUDIT_ENROLL_REAL_USB_SUBMIT_COUNT=0
AUDIT_KNOWN_PERSISTENT_FAMILY_OBSERVED_COUNT=0
SENSOR_SIDE_PERSISTENCE_ABSENCE_PROVEN=false
COMPLETED_STAGE_COUNT=0
PROGRESS_ERROR_COUNT=1
OPERATOR_RETRY_COUNT=0
SECOND_ACTION_COUNT=0
REOPEN_COUNT=0
HOST_DEADLINE_EXPIRED=false
OPERATOR_SIGNAL_RECEIVED=false
DEVICE_SIDE_TIMEOUT_OR_QUIESCENCE_INFERRED=false
NOTA_OPERATORE=Run terminata senza successo: non ripetere e considera ignoto lo stato device-side.
