D289_KWIN_IDENTITY_RESULT=PASS
D289_KWIN_IDENTITY_PID=1802
D289_KWIN_IDENTITY_UID=1000
D289_KWIN_IDENTITY_COMM=kwin_wayland
D289_KWIN_IDENTITY_CMDLINE=COHERENT
D289_KWIN_IDENTITY_CGROUP=/user.slice/user-1000.slice/user@1000.service/session.slice/plasma-kwin_wayland.service
D289_KWIN_IDENTITY_EXE=UNREADABLE_ACCEPTED_WITH_COMPOSITE
D289_ROOT_NAMESPACE_MATCH=true
D289_ROOT_OVERLAY_READ_ONLY=true
D289_ROOT_OVERLAY_READY=true
D289_USER_OVERLAY_VISIBLE_AND_PASSWORD_SERVICE_UNCHANGED=true
La sessione verrà bloccata davvero. Appoggiare una sola volta l’indice destro.
Non digitare password o PIN mentre la verifica fingerprint è in corso.
Se il fingerprint viene rifiutato o dopo 70 secondi lo schermo resta bloccato, usare la password per il solo recupero.
D289_ATTEMPT_1_REAL_LOCK_ACTIVE=true
D289_ATTEMPT_1_GREETER_PID=103382
D289_ATTEMPT_1_GREETER_PARENT_KWIN=true
D289_ATTEMPT_1_GREETER_CGROUP=/user.slice/user-1000.slice/user@1000.service/session.slice/plasma-kwin_wayland.service
D289_ROOT_OVERLAY_UNMOUNTED=true
D289_ROOT_HOST_PAM_RESTORED=true
D289_ROOT_RUNTIME_REMOVED=true
/home/<USER>/Repository/goodix-27c6-5125_private/operator_kit/live_probe/experiments/d289-real-locked-session/payload.sh: riga 103: "$root_out_fd": Descrittore di file errato
D289_SERIES_OUTCOME=REAL_LOCK_MATCH
