D290_TARGET_VERSIONS_AND_HASHES=PASS
D290_OPERATOR_TTY_SESSION=4
D290_PLASMALOGIN_DAEMON_PID=1216
D290_PLASMALOGIN_DAEMON_IDENTITY=PASS_COMPOSITE
D290_ACTIVE_GRAPHICAL_SESSION_COUNT=0
D290_ACTIVE_GRAPHICAL_SESSION_IDS=NONE
D290_PLASMALOGIN_PAM_MOUNTPOINT=false
D290_RUNTIME_PRESENT=false
D290_TARGET_SYSFS_CARDINALITY=1
D286_01_ROOT_AUDIT_PHASE=D290_PLASMALOGIN_POST
D286_01_STATE_COHERENCE=PASS_ROOT_ONLY
D286_01_RUNTIME_INTEGRITY=PASS
D286_01_WRAPPER_PROVENANCE=PASS
D286_01_AUTHSELECT_SCOPE=PASS_REDUCED
D286_01_PASSWORD_FALLBACK=PASS
D286_01_TEMPLATE_OWNERSHIP=PASS_PINNED_EXACTLY_ONE
D286_01_SYSTEM_LIBFPRINT_UNCHANGED=true
D286_01_UNINSTALL_READINESS=PASS_ALL_PREDELETE_GATES
D286_01_BOOT_ID=66a5d2fa-02d5-417b-b2e0-ee3e16e3cfea
D286_01_D290_PLASMALOGIN_POST_ROOT_AUDIT_SENSOR_ACTION_COUNT=0
D290_POST_AUDIT=PASS
D290_POST_AUDIT_SENSOR_ACTION_COUNT=0
