D290_TARGET_VERSIONS_AND_HASHES=PASS
D290_OPERATOR_TTY_SESSION=4
D290_INITIAL_GRAPHICAL_SESSION_COUNT=1
D290_INITIAL_GRAPHICAL_SESSION_ID=2
D290_INITIAL_GRAPHICAL_SESSION_TTY=tty2
D290_INITIAL_GRAPHICAL_SESSION_SERVICE=plasmalogin
D290_INITIAL_GRAPHICAL_SESSION_TYPE=wayland
D290_INITIAL_GRAPHICAL_SESSION_CLASS=user
D290_INITIAL_GRAPHICAL_SESSION_STATE=online
D290_PLASMALOGIN_DAEMON_PID=1203
D290_PLASMALOGIN_DAEMON_IDENTITY=PASS_COMPOSITE
D290_PRE_GRAPHICAL_SESSION_COUNT=1
D290_PRE_GRAPHICAL_SESSION_IDS=2
D290_PLASMALOGIN_PAM_MOUNTPOINT=false
D290_RUNTIME_PRESENT=false
D290_TARGET_SYSFS_CARDINALITY=1
D286_01_ROOT_AUDIT_PHASE=D290_PLASMALOGIN_PRE
D286_01_STATE_COHERENCE=PASS_ROOT_ONLY
D286_01_RUNTIME_INTEGRITY=PASS
D286_01_WRAPPER_PROVENANCE=PASS
D286_01_AUTHSELECT_SCOPE=PASS_REDUCED
D286_01_PASSWORD_FALLBACK=PASS
D286_01_TEMPLATE_OWNERSHIP=PASS_PINNED_EXACTLY_ONE
D286_01_SYSTEM_LIBFPRINT_UNCHANGED=true
D286_01_UNINSTALL_READINESS=PASS_ALL_PREDELETE_GATES
D286_01_BOOT_ID=ce988780-a3e1-4ec8-8935-a76a34b3db33
D286_01_D290_PLASMALOGIN_PRE_ROOT_AUDIT_SENSOR_ACTION_COUNT=0
D290_PRE_AUDIT=PASS
D290_PRE_AUDIT_SENSOR_ACTION_COUNT=0
