LIVE_RUN_STARTED=true
ACTION_ALLOWLIST=ENROLL_THEN_IDENTIFY
ACTION_ATTEMPT_MAX=2
OPEN_ATTEMPT_MAX=2
HOST_DEADLINE_SECONDS=1000
REAL_USB_ENUMERATION_ATTEMPTED=true
TARGET_DRIVER_MATCH_COUNT=1
OPEN_ATTEMPT_COUNT=1
AZIONE_OPERATORE=METTI L'INDICE DESTRO SUL SENSORE; usa sempre lo stesso dito.
ENROLL_ACTION_ATTEMPT_COUNT=1
RILASCIO_FISICO_PRONTO=1
AZIONE_OPERATORE=ORA TOGLI IL DITO.
STAGE_COMPLETATO=1/8
RIPOSIZIONAMENTO_RICHIESTO=1
AZIONE_OPERATORE=RIPOSIZIONA LO STESSO DITO in una zona diversa.
RILASCIO_FISICO_PRONTO=2
AZIONE_OPERATORE=ORA TOGLI IL DITO.
STAGE_COMPLETATO=2/8
RIPOSIZIONAMENTO_RICHIESTO=2
AZIONE_OPERATORE=RIPOSIZIONA LO STESSO DITO in una zona diversa.
RILASCIO_FISICO_PRONTO=3
AZIONE_OPERATORE=ORA TOGLI IL DITO.
STAGE_COMPLETATO=3/8
RIPOSIZIONAMENTO_RICHIESTO=3
AZIONE_OPERATORE=RIPOSIZIONA LO STESSO DITO in una zona diversa.
RILASCIO_FISICO_PRONTO=4
AZIONE_OPERATORE=ORA TOGLI IL DITO.
STAGE_COMPLETATO=4/8
RIPOSIZIONAMENTO_RICHIESTO=4
AZIONE_OPERATORE=RIPOSIZIONA LO STESSO DITO in una zona diversa.
RILASCIO_FISICO_PRONTO=5
AZIONE_OPERATORE=ORA TOGLI IL DITO.
STAGE_COMPLETATO=5/8
RIPOSIZIONAMENTO_RICHIESTO=5
AZIONE_OPERATORE=RIPOSIZIONA LO STESSO DITO in una zona diversa.
RILASCIO_FISICO_PRONTO=6
AZIONE_OPERATORE=ORA TOGLI IL DITO.
STAGE_COMPLETATO=6/8
RIPOSIZIONAMENTO_RICHIESTO=6
AZIONE_OPERATORE=RIPOSIZIONA LO STESSO DITO in una zona diversa.
RILASCIO_FISICO_PRONTO=7
AZIONE_OPERATORE=ORA TOGLI IL DITO.
STAGE_COMPLETATO=7/8
RIPOSIZIONAMENTO_RICHIESTO=7
AZIONE_OPERATORE=RIPOSIZIONA LO STESSO DITO in una zona diversa.
RILASCIO_FISICO_PRONTO=8
AZIONE_OPERATORE=ORA TOGLI IL DITO.
STAGE_COMPLETATO=8/8
ENROLLMENT_SUCCEEDED=true
FP3_EPHEMERAL_WRITE_SUCCEEDED=true
CLOSE_EPOCH1_ATTEMPT_COUNT=1
CLOSE_EPOCH1_SUCCEEDED=true
EPOCH1_ENROLL_CONTEXT_CLOSED=true
EPOCH1_ENROLL_USB_REAL_SUBMIT_COUNT=203
EPOCH1_ENROLL_USB_OUT_SUBMIT_COUNT=75
EPOCH1_ENROLL_USB_IN_COMPLETION_COUNT=128
EPOCH1_ENROLL_USB_OUT_COMPLETION_COUNT=75
EPOCH1_ENROLL_USB_OUTSTANDING_AT_SNAPSHOT=0
EPOCH1_ENROLL_USB_OUT_OUTSTANDING_AT_SNAPSHOT=0
EPOCH1_ENROLL_USB_BACKEND_DRAINED=true
EPOCH1_ENROLL_TLS_HANDSHAKE_COUNT=1
EPOCH1_ENROLL_TLS_TERMINAL_COMPLETION_COUNT=0
EPOCH1_ENROLL_SECURE_RETRY_COUNT=0
EPOCH1_ENROLL_SECURE_REOPEN_COUNT=0
EPOCH1_ENROLL_SECURE_DEVICE_RESET_COUNT=0
EPOCH1_ENROLL_SECURE_CLEAR_HALT_COUNT=0
EPOCH1_ENROLL_POST_TLS_RETRY_COUNT=0
EPOCH1_ENROLL_KNOWN_PERSISTENT_FAMILY_COUNT=0
EPOCH1_ENROLL_FIRST_IMAGE_PIPELINE_COUNT=0
EPOCH1_ENROLL_RELEASE_TAIL_COMPLETE_COUNT=0
EPOCH1_ENROLL_SINGLE_ACQUISITION_TERMINAL_COUNT=0
EPOCH1_ENROLL_REARM_0X32_COUNT=0
EPOCH1_ENROLL_ENROLL_COMPLETED_STAGE_COUNT=8
EPOCH1_ENROLL_ENROLL_TERMINAL_TRANSITION_COUNT=1
EPOCH1_ENROLL_ENROLL_INTER_STAGE_REARM_COUNT=7
EPOCH1_ENROLL_ENROLL_COMMAND_32_COUNT=8
EPOCH1_ENROLL_ENROLL_REJECTED_INBOUND_COUNT=0
EPOCH1_ENROLL_ENROLL_TERMINAL_HOLD_COUNT=1
EPOCH1_ENROLL_ENROLL_TERMINAL_RELEASE_COUNT=1
EPOCH1_ENROLL_AUDIT_PASS=true
OPEN_ATTEMPT_COUNT=2
FP3_EPHEMERAL_READ_SUCCEEDED=true
FP3_REMOVED_BEFORE_IDENTIFY=true
FP3_DESERIALIZE_COMPATIBLE=true
AZIONE_OPERATORE=METTI DI NUOVO LO STESSO INDICE DESTRO per una sola identify.
IDENTIFY_ACTION_ATTEMPT_COUNT=1
RILASCIO_FISICO_PRONTO=9
AZIONE_OPERATORE=ORA TOGLI IL DITO.
IDENTIFY_MATCH_SUCCEEDED=true
CLOSE_EPOCH2_ATTEMPT_COUNT=1
CLOSE_EPOCH2_SUCCEEDED=true
EPOCH2_IDENTIFY_CONTEXT_CLOSED=true
EPOCH2_IDENTIFY_USB_REAL_SUBMIT_COUNT=82
EPOCH2_IDENTIFY_USB_OUT_SUBMIT_COUNT=32
EPOCH2_IDENTIFY_USB_IN_COMPLETION_COUNT=50
EPOCH2_IDENTIFY_USB_OUT_COMPLETION_COUNT=32
EPOCH2_IDENTIFY_USB_OUTSTANDING_AT_SNAPSHOT=0
EPOCH2_IDENTIFY_USB_OUT_OUTSTANDING_AT_SNAPSHOT=0
EPOCH2_IDENTIFY_USB_BACKEND_DRAINED=true
EPOCH2_IDENTIFY_TLS_HANDSHAKE_COUNT=1
EPOCH2_IDENTIFY_TLS_TERMINAL_COMPLETION_COUNT=0
EPOCH2_IDENTIFY_SECURE_RETRY_COUNT=0
EPOCH2_IDENTIFY_SECURE_REOPEN_COUNT=0
EPOCH2_IDENTIFY_SECURE_DEVICE_RESET_COUNT=0
EPOCH2_IDENTIFY_SECURE_CLEAR_HALT_COUNT=0
EPOCH2_IDENTIFY_POST_TLS_RETRY_COUNT=0
EPOCH2_IDENTIFY_KNOWN_PERSISTENT_FAMILY_COUNT=0
EPOCH2_IDENTIFY_FIRST_IMAGE_PIPELINE_COUNT=1
EPOCH2_IDENTIFY_RELEASE_TAIL_COMPLETE_COUNT=1
EPOCH2_IDENTIFY_SINGLE_ACQUISITION_TERMINAL_COUNT=1
EPOCH2_IDENTIFY_REARM_0X32_COUNT=0
EPOCH2_IDENTIFY_ENROLL_COMPLETED_STAGE_COUNT=0
EPOCH2_IDENTIFY_ENROLL_TERMINAL_TRANSITION_COUNT=0
EPOCH2_IDENTIFY_ENROLL_INTER_STAGE_REARM_COUNT=0
EPOCH2_IDENTIFY_ENROLL_COMMAND_32_COUNT=0
EPOCH2_IDENTIFY_ENROLL_REJECTED_INBOUND_COUNT=0
EPOCH2_IDENTIFY_ENROLL_TERMINAL_HOLD_COUNT=0
EPOCH2_IDENTIFY_ENROLL_TERMINAL_RELEASE_COUNT=0
EPOCH2_IDENTIFY_AUDIT_PASS=false
COMPLETED_STAGE_COUNT=8
IDENTIFY_MATCH_CALLBACK_COUNT=1
IDENTIFY_NO_MATCH_CALLBACK_COUNT=0
IDENTIFY_RETRY_CALLBACK_COUNT=0
D280_01_RUNTIME_COUNTERS_BEGIN=true
D280_01_OBSERVED_ACTION_ATTEMPT_COUNT=2
D280_01_OBSERVED_ENROLL_ACTION_ATTEMPT_COUNT=1
D280_01_OBSERVED_IDENTIFY_ACTION_ATTEMPT_COUNT=1
D280_01_OBSERVED_OPEN_ATTEMPT_COUNT=2
D280_01_OBSERVED_OPEN_SUCCESS_COUNT=2
D280_01_OBSERVED_REOPEN_COUNT=1
D280_01_OBSERVED_CLOSE_ATTEMPT_COUNT=2
D280_01_OBSERVED_CLOSE_SUCCESS_COUNT=2
D280_01_RUNTIME_COUNTERS_END=true
OPERATOR_RETRY_COUNT=0
KNOWN_PERSISTENT_FAMILY_ALLOWLIST_COUNT=0
SENSOR_SIDE_PERSISTENCE_ABSENCE_PROVEN=false
HOST_DEADLINE_EXPIRED=false
OPERATOR_SIGNAL_RECEIVED=false
D280_01_EPHEMERAL_TEMPLATE_REUSE_PASS=false
NOTA_OPERATORE=Run terminata senza successo: non ripetere; conserva solo log e summary.
