D289_TARGET_VERSIONS_AND_HASHES=PASS
D289_KWIN_IDENTITY_RESULT=PASS
D289_KWIN_IDENTITY_PID=1802
D289_KWIN_IDENTITY_UID=1000
D289_KWIN_IDENTITY_COMM=kwin_wayland
D289_KWIN_IDENTITY_CMDLINE=COHERENT
D289_KWIN_IDENTITY_CGROUP=/user.slice/user-1000.slice/user@1000.service/session.slice/plasma-kwin_wayland.service
D289_KWIN_IDENTITY_EXE=UNREADABLE_ACCEPTED_WITH_COMPOSITE
D289_KWIN_DBUS_OWNER=u 1802
D289_KWIN_PID=1802
D289_LOGIND_SESSION=2
D289_LOGIND_SESSION_ACTIVE=yes
D289_LOGIND_SESSION_STATE=active
D289_LOGIND_SESSION_TYPE=wayland
D289_LOGIND_LOCKED_HINT=no
D289_SCREEN_LOCK_ACTIVE=false
D289_PAM_MODES=root:root:644
D289_EXISTING_GREETER_COUNT=0
D289_FINGERPRINT_PAM_MOUNTPOINT=false
D289_RUNTIME_PRESENT=false
D289_TARGET_SYSFS_CARDINALITY=1
D286_01_ROOT_AUDIT_PHASE=D289_REAL_LOCK_PRE
D286_01_STATE_COHERENCE=PASS_ROOT_ONLY
D286_01_RUNTIME_INTEGRITY=PASS
D286_01_WRAPPER_PROVENANCE=PASS
D286_01_AUTHSELECT_SCOPE=PASS_REDUCED
D286_01_PASSWORD_FALLBACK=PASS
D286_01_TEMPLATE_OWNERSHIP=PASS_PINNED_EXACTLY_ONE
D286_01_SYSTEM_LIBFPRINT_UNCHANGED=true
D286_01_UNINSTALL_READINESS=PASS_ALL_PREDELETE_GATES
D286_01_BOOT_ID=6640948d-ee62-47a9-a38f-ef710d6633a6
D286_01_D289_REAL_LOCK_PRE_ROOT_AUDIT_SENSOR_ACTION_COUNT=0
D289_PRE_AUDIT=PASS
D289_PRE_AUDIT_SENSOR_ACTION_COUNT=0
