D286_01_ROOT_AUDIT_PHASE=ATTEMPT_1_POST
D286_01_STATE_COHERENCE=PASS_ROOT_ONLY
D286_01_RUNTIME_INTEGRITY=PASS
D286_01_WRAPPER_PROVENANCE=PASS
D286_01_AUTHSELECT_SCOPE=PASS_REDUCED
D286_01_PASSWORD_FALLBACK=PASS
D286_01_TEMPLATE_OWNERSHIP=PASS_PINNED_EXACTLY_ONE
D286_01_SYSTEM_LIBFPRINT_UNCHANGED=true
D286_01_UNINSTALL_READINESS=PASS_ALL_PREDELETE_GATES
D286_01_BOOT_ID=351d5424-2894-4d0c-ba9a-596c42481ab7
D286_01_ATTEMPT_1_POST_ROOT_AUDIT_SENSOR_ACTION_COUNT=0
GOODIX_D282_EPOCH_AUDIT action=FPI_DEVICE_ACTION_VERIFY attempts=1 rejected=0 consumed=1 tls=1 first_image=1 release_tail=0 single_terminal=0 rearm32=0 enroll_stages=0 enroll_rearm32=0 enroll_terminal=0 secure_retry=0 post_retry=0 reopen=0 reset=0 clear_halt=0 persistent=0 real_submit=76 outstanding=0 drained=1 context_closed=1
GOODIX_SIGFM_EXTRACT_AUDIT keypoints=160
GOODIX_SIGFM_MATCH_AUDIT event=comparison sample=1 score=75 threshold=40
GOODIX_SIGFM_MATCH_AUDIT event=outcome result=match matched_sample=1 comparisons=1 threshold=40
GOODIX_SIGFM_MATCH_AUDIT event=start template_samples=8 threshold=40
D286_01_ATTEMPT_INDEX=1
D286_01_ATTEMPT_OUTCOME=MATCH
D286_01_ATTEMPT_SUDO_RETURN_CODE=0
D286_01_ATTEMPT_PASSWORD_FALLBACK_BLOCKED=false
D286_01_ATTEMPT_WATCHDOG_TIMEOUT=false
D286_01_ATTEMPT_VERIFY_EPOCH_COUNT=1
D286_01_ATTEMPT_PROBE_EXTRACT_COUNT=1
D286_01_ATTEMPT_COMPARISON_COUNT=1
D286_01_ATTEMPT_MATCH_COUNT=1
D286_01_ATTEMPT_NO_MATCH_COUNT=0
D286_01_ATTEMPT_RETRY_COUNT=0
D286_01_ATTEMPT_REOPEN_COUNT=0
D286_01_ATTEMPT_RESET_COUNT=0
D286_01_ATTEMPT_CLEAR_HALT_COUNT=0
D286_01_ATTEMPT_PERSISTENT_WRITE_FAMILY_COUNT=0
