D286_01_ROOT_AUDIT_PHASE=D287_SERIES_PRE
D286_01_STATE_COHERENCE=PASS_ROOT_ONLY
D286_01_RUNTIME_INTEGRITY=PASS
D286_01_WRAPPER_PROVENANCE=PASS
D286_01_AUTHSELECT_SCOPE=PASS_REDUCED
D286_01_PASSWORD_FALLBACK=PASS
D286_01_TEMPLATE_OWNERSHIP=PASS_PINNED_EXACTLY_ONE
D286_01_SYSTEM_LIBFPRINT_UNCHANGED=true
D286_01_UNINSTALL_READINESS=PASS_ALL_PREDELETE_GATES
D286_01_BOOT_ID=af986ce0-5fea-4aae-bd5e-4d483b0a5c4f
D286_01_D287_SERIES_PRE_ROOT_AUDIT_SENSOR_ACTION_COUNT=0
Pilot del solo greeter KDE in modalità --testing: la sessione non viene bloccata.
Non digitare la password nel form. Ogni finestra ammette una sola VERIFY.
Per il tentativo 1/3 digitare INDICE DESTRO: D287_01_GREETER_TESTING_MODE_READY=true
Muovere il puntatore per mostrare il form, quindi appoggiare una sola volta l’indice destro.
D287_01_ATTEMPT_FAILURE=GREETER_EXITED_BEFORE_OUTCOME
D287_01_ATTEMPT_INDEX=1
D287_01_ATTEMPT_OUTCOME=PAM_ERROR
D287_01_ATTEMPT_GREETER_RETURN_CODE=0
D287_01_ATTEMPT_GREETER_UNLOCKED_MARKER=true
D287_01_ATTEMPT_SUPERVISOR_TERMINATED_GREETER=true
D287_01_ATTEMPT_VERIFY_EPOCH_COUNT=0
D287_01_ATTEMPT_PROBE_EXTRACT_COUNT=0
D287_01_ATTEMPT_COMPARISON_COUNT=0
D287_01_ATTEMPT_MATCH_COUNT=0
D287_01_ATTEMPT_NO_MATCH_COUNT=0
D287_01_ATTEMPT_RETRY_COUNT=0
D287_01_ATTEMPT_REOPEN_COUNT=0
D287_01_ATTEMPT_RESET_COUNT=0
D287_01_ATTEMPT_CLEAR_HALT_COUNT=0
D287_01_ATTEMPT_PERSISTENT_WRITE_FAMILY_COUNT=0
D286_01_ROOT_AUDIT_PHASE=D287_ATTEMPT_1_POST
D286_01_STATE_COHERENCE=PASS_ROOT_ONLY
D286_01_RUNTIME_INTEGRITY=PASS
D286_01_WRAPPER_PROVENANCE=PASS
D286_01_AUTHSELECT_SCOPE=PASS_REDUCED
D286_01_PASSWORD_FALLBACK=PASS
D286_01_TEMPLATE_OWNERSHIP=PASS_PINNED_EXACTLY_ONE
D286_01_SYSTEM_LIBFPRINT_UNCHANGED=true
D286_01_UNINSTALL_READINESS=PASS_ALL_PREDELETE_GATES
D286_01_BOOT_ID=af986ce0-5fea-4aae-bd5e-4d483b0a5c4f
D286_01_D287_ATTEMPT_1_POST_ROOT_AUDIT_SENSOR_ACTION_COUNT=0
D287_01_GATE_REFUSED=true
D287_01_REFUSAL_REASON=ATTEMPT_FAILED_OR_AMBIGUOUS
AUTOMATIC_OR_IMPLICIT_SENSOR_RETRY_ALLOWED=false
