LIVE_RUN_STARTED=true
ACTION_ALLOWLIST=ENROLL_ONLY
HOST_DEADLINE_SECONDS=600
DEVICE_SIDE_TIMEOUT_OR_QUIESCENCE_INFERRED=false
REAL_USB_ENUMERATION_ATTEMPTED=true
TARGET_DRIVER_MATCH_COUNT=1
DISPOSITIVO=Goodix 27c6:5125 Fingerprint Sensor
OPEN_ATTEMPT_COUNT=1
OPEN_SUCCEEDED=true
AZIONE_OPERATORE=METTI L'INDICE DESTRO SUL SENSORE; usa sempre lo stesso dito.
ACTION_ATTEMPT_COUNT=1
RILASCIO_FISICO_PRONTO=1
AZIONE_OPERATORE=ORA TOGLI IL DITO; non riposizionarlo finche non viene richiesto.
STAGE_COMPLETATO=1/8
NOTA_STAGE=Progresso biometrico registrato; non e un'istruzione fisica.
RIPOSIZIONAMENTO_RICHIESTO=1
AZIONE_OPERATORE=RIPOSIZIONA LO STESSO DITO in una zona diversa.
RILASCIO_FISICO_PRONTO=2
AZIONE_OPERATORE=ORA TOGLI IL DITO; non riposizionarlo finche non viene richiesto.
STAGE_COMPLETATO=2/8
NOTA_STAGE=Progresso biometrico registrato; non e un'istruzione fisica.
RIPOSIZIONAMENTO_RICHIESTO=2
AZIONE_OPERATORE=RIPOSIZIONA LO STESSO DITO in una zona diversa.
RILASCIO_FISICO_PRONTO=3
AZIONE_OPERATORE=ORA TOGLI IL DITO; non riposizionarlo finche non viene richiesto.
STAGE_COMPLETATO=3/8
NOTA_STAGE=Progresso biometrico registrato; non e un'istruzione fisica.
RIPOSIZIONAMENTO_RICHIESTO=3
AZIONE_OPERATORE=RIPOSIZIONA LO STESSO DITO in una zona diversa.
RILASCIO_FISICO_PRONTO=4
AZIONE_OPERATORE=ORA TOGLI IL DITO; non riposizionarlo finche non viene richiesto.
STAGE_COMPLETATO=4/8
NOTA_STAGE=Progresso biometrico registrato; non e un'istruzione fisica.
RIPOSIZIONAMENTO_RICHIESTO=4
AZIONE_OPERATORE=RIPOSIZIONA LO STESSO DITO in una zona diversa.
RILASCIO_FISICO_PRONTO=5
AZIONE_OPERATORE=ORA TOGLI IL DITO; non riposizionarlo finche non viene richiesto.
STAGE_COMPLETATO=5/8
NOTA_STAGE=Progresso biometrico registrato; non e un'istruzione fisica.
RIPOSIZIONAMENTO_RICHIESTO=5
AZIONE_OPERATORE=RIPOSIZIONA LO STESSO DITO in una zona diversa.
RILASCIO_FISICO_PRONTO=6
AZIONE_OPERATORE=ORA TOGLI IL DITO; non riposizionarlo finche non viene richiesto.
STAGE_COMPLETATO=6/8
NOTA_STAGE=Progresso biometrico registrato; non e un'istruzione fisica.
RIPOSIZIONAMENTO_RICHIESTO=6
AZIONE_OPERATORE=RIPOSIZIONA LO STESSO DITO in una zona diversa.
RILASCIO_FISICO_PRONTO=7
AZIONE_OPERATORE=ORA TOGLI IL DITO; non riposizionarlo finche non viene richiesto.
STAGE_COMPLETATO=7/8
NOTA_STAGE=Progresso biometrico registrato; non e un'istruzione fisica.
RIPOSIZIONAMENTO_RICHIESTO=7
AZIONE_OPERATORE=RIPOSIZIONA LO STESSO DITO in una zona diversa.
RILASCIO_FISICO_PRONTO=8
AZIONE_OPERATORE=ORA TOGLI IL DITO; non riposizionarlo finche non viene richiesto.
STAGE_COMPLETATO=8/8
NOTA_STAGE=Progresso biometrico registrato; non e un'istruzione fisica.
ENROLLMENT_SUCCEEDED=true
BIOMETRIC_TEMPLATE_SAVED=false
CLOSE_ATTEMPT_COUNT=1
CLOSE_SUCCEEDED=true
PRODUCTION_AUDIT_AVAILABLE=true
AUDIT_CONTEXT_CLOSED=true
AUDIT_ACTION_CONSUMED=true
AUDIT_PRE_SESSION_RESULT=2
AUDIT_PRE_SESSION_COMPLETION_COUNT=0
AUDIT_PRE_SESSION_BYTE_COUNT=0
AUDIT_PRE_SESSION_HOST_TIMEOUT_COUNT=1
AUDIT_USB_REAL_SUBMIT_COUNT=203
AUDIT_USB_OUT_SUBMIT_COUNT=75
AUDIT_USB_IN_COMPLETION_COUNT=128
AUDIT_USB_OUT_COMPLETION_COUNT=75
AUDIT_USB_MAX_IN_OUTSTANDING=1
AUDIT_USB_MAX_OUT_OUTSTANDING=1
AUDIT_USB_OUTSTANDING_AT_SNAPSHOT=0
AUDIT_USB_OUT_OUTSTANDING_AT_SNAPSHOT=0
AUDIT_USB_BACKEND_DRAINED=true
AUDIT_USB_INTERFACE_CLAIMED_AT_SNAPSHOT=false
AUDIT_RUNTIME_MATERIAL_PRESENT_AT_SNAPSHOT=false
AUDIT_RUNTIME_OWNER_FREE_COUNT=1
AUDIT_RUNTIME_DESCRIPTOR_CLEANSED=true
AUDIT_RUNTIME_FDT_SEED_CLEANSED=true
AUDIT_RUNTIME_HANDOFF_VIEWS_CLEARED=true
AUDIT_SECURE_COMMAND_COUNT=14
AUDIT_SECURE_ACK_COUNT=13
AUDIT_SECURE_TYPED_RESPONSE_COUNT=8
AUDIT_SECURE_RETRY_COUNT=0
AUDIT_SECURE_REOPEN_COUNT=0
AUDIT_SECURE_DEVICE_RESET_COUNT=0
AUDIT_SECURE_CLEAR_HALT_COUNT=0
AUDIT_SECURE_PROTOCOL_FAILURE_RECORDED=false
AUDIT_SECURE_PROTOCOL_FAILURE_PHASE=16
AUDIT_SECURE_PROTOCOL_FAILURE_KIND=0
AUDIT_TLS_HANDSHAKE_COUNT=1
AUDIT_TLS_TERMINAL_COMPLETION_COUNT=0
AUDIT_TLS_SECRET_ZEROIZED=true
AUDIT_POST_TLS_COMMAND_COUNT=9
AUDIT_POST_TLS_ACK_COUNT=8
AUDIT_POST_TLS_RETRY_COUNT=0
AUDIT_POST_TLS_REOPEN_COUNT=0
AUDIT_POST_TLS_DEVICE_RESET_COUNT=0
AUDIT_POST_TLS_CLEAR_HALT_COUNT=0
AUDIT_ENROLL_EVENT_SUBMIT_COUNT=0
AUDIT_ENROLL_EVENT_ACK_COUNT=47
AUDIT_ENROLL_EVENT_PRIMARY_B0_COUNT=8
AUDIT_ENROLL_EVENT_AUXILIARY_B0_COUNT=8
AUDIT_ENROLL_EVENT_RETRY_COUNT=0
AUDIT_ENROLL_BINDING_BACKEND_SUBMIT_ATTEMPT_COUNT=47
AUDIT_ENROLL_BINDING_BACKEND_COMPLETION_COUNT=47
AUDIT_ENROLL_BINDING_CANCELLATION_COUNT=0
AUDIT_ENROLL_BINDING_RETRY_COUNT=0
AUDIT_ENROLL_CONFIGURED_STAGE_COUNT=8
AUDIT_ENROLL_INTERMEDIATE_DELIVERY_DEFERRED_UNTIL_RELEASE_READY=true
AUDIT_ENROLL_TERMINAL_DELIVERY_DEFERRED_UNTIL_RELEASE_READY=true
AUDIT_ENROLL_TERMINAL_COMPLETION_HOLD_COUNT=1
AUDIT_ENROLL_TERMINAL_COMPLETION_RELEASE_COUNT=1
AUDIT_ENROLL_TERMINAL_COMPLETION_ABORT_COUNT=0
AUDIT_ENROLL_TERMINAL_COMPLETION_HELD_AT_SNAPSHOT=false
AUDIT_ENROLL_OBSERVED_PRIMARY_STAGE_COUNT=8
AUDIT_ENROLL_COMPLETED_STAGE_COUNT=8
AUDIT_ENROLL_TERMINAL_TRANSITION_COUNT=1
AUDIT_ENROLL_INTER_STAGE_REARM_COUNT=7
AUDIT_ENROLL_COMMAND_32_COUNT=8
AUDIT_ENROLL_REJECTED_INBOUND_COUNT=0
AUDIT_ENROLL_LAST_MISMATCH_EXPECTED_EVENT=NONE
AUDIT_ENROLL_LAST_MISMATCH_OBSERVED_CONTROL=0x00
AUDIT_ENROLL_LAST_MISMATCH_IRQ_CLASSIFIED=false
AUDIT_ENROLL_LAST_MISMATCH_IRQ=0x0000
AUDIT_ENROLL_LAST_MISMATCH_IRQ_FLAGS=0x0000
AUDIT_ENROLL_REAL_USB_SUBMIT_COUNT=0
AUDIT_KNOWN_PERSISTENT_FAMILY_OBSERVED_COUNT=0
SENSOR_SIDE_PERSISTENCE_ABSENCE_PROVEN=false
D279_57_STAGE8_TERMINAL_AUDIT_PASS=true
D279_57_REUSABILITY_PROVEN=false
COMPLETED_STAGE_COUNT=8
PROGRESS_ERROR_COUNT=0
RELEASE_READY_PROMPT_COUNT=8
REPOSITION_PROMPT_COUNT=7
PHYSICAL_INSTRUCTION_SOURCE=LIBFPRINT_FINGER_STATUS
OPERATOR_RETRY_COUNT=0
SECOND_ACTION_COUNT=0
REOPEN_COUNT=0
HOST_DEADLINE_EXPIRED=false
OPERATOR_SIGNAL_RECEIVED=false
DEVICE_SIDE_TIMEOUT_OR_QUIESCENCE_INFERRED=false
