Traceback (most recent call last):
  File "/tmp/goodix-d279-48-approved.zDYaNz/snapshot/operator_kit/d279-48-offline-protected-rocky-nbis-sigfm/d279_48_protected_rocky_nbis_sigfm_eval.py", line 141, in <module>
    raise SystemExit(main())
                     ~~~~^^
  File "/tmp/goodix-d279-48-approved.zDYaNz/snapshot/operator_kit/d279-48-offline-protected-rocky-nbis-sigfm/d279_48_protected_rocky_nbis_sigfm_eval.py", line 126, in main
    evaluate(args)
    ~~~~~~~~^^^^^^
  File "/tmp/goodix-d279-48-approved.zDYaNz/snapshot/operator_kit/d279-48-offline-protected-rocky-nbis-sigfm/d279_48_protected_rocky_nbis_sigfm_eval.py", line 63, in evaluate
    d33 = load_module("d279_48_d33", root / "analysis/D279/d279_33_attempt02_in_memory_composer.py")
  File "/tmp/goodix-d279-48-approved.zDYaNz/snapshot/operator_kit/d279-48-offline-protected-rocky-nbis-sigfm/d279_48_protected_rocky_nbis_sigfm_eval.py", line 36, in load_module
    spec.loader.exec_module(module)
    ~~~~~~~~~~~~~~~~~~~~~~~^^^^^^^^
  File "<frozen importlib._bootstrap_external>", line 759, in exec_module
  File "<frozen importlib._bootstrap_external>", line 491, in _call_with_frames_removed
  File "/tmp/goodix-d279-48-approved.zDYaNz/snapshot/analysis/D279/d279_33_attempt02_in_memory_composer.py", line 53, in <module>
    from core.post_d4 import parse_image_payload  # noqa: E402
    ^^^^^^^^^^^^^^^^^^^^^^^^^^^^^^^^^^^^^^^^^^^^
  File "/tmp/goodix-d279-48-approved.zDYaNz/snapshot/core/post_d4.py", line 17, in <module>
    from src.goodix5125_cleanroom import decode_record as _decode_local_record
ModuleNotFoundError: No module named 'src'
