D287_01_RECOVERY_SOURCE=journalctl_read_only_same_boot
D287_01_RECOVERY_BOOT_ID=af986ce0-5fea-4aae-bd5e-4d483b0a5c4f
D287_01_RECOVERY_WINDOW_LOCAL=2026-09-11T23:33:45+02:00..2026-09-11T23:35:11+02:00
2026-09-11T23:33:56.516361+02:00 systemd-logind: New session 'c3' of user 'root' with class 'background-light' and type 'unspecified'.
2026-09-11T23:34:03.955928+02:00 runuser[50625]: session opened for user <USER>(uid=1000) by <USER>(uid=0)
2026-09-11T23:34:04.744834+02:00 kscreenlocker_greet[50633]: The PlasmaWindowManagement protocol hasn't activated in time. The client possibly got denied by kwin? Check kwin output.
D287_01_GREETER_PROCESS_CGROUP=/user.slice/user-0.slice/session-c3.scope
D287_01_GREETER_PROCESS_SYSTEMD_SESSION=c3
D287_01_GREETER_PROCESS_UID=1000
D287_01_GREETER_PROCESS_AUDIT_SESSION=3
2026-09-11T23:34:06.942477+02:00 systemd[1]: Starting fprintd.service - Fingerprint Authentication Daemon...
2026-09-11T23:34:07.099133+02:00 systemd[1]: Started fprintd.service - Fingerprint Authentication Daemon.
2026-09-11T23:34:07.113812+02:00 fprintd[50792]: Authorization denied to :1.161 to call method 'ListEnrolledFingers' for device 'Goodix 27c6:5125 Fingerprint Sensor': Not Authorized: net.reactivated.fprint.device.verify
2026-09-11T23:34:37.574120+02:00 systemd[1]: fprintd.service: Deactivated successfully.
2026-09-11T23:34:53.335632+02:00 kscreenlocker_greet[50633]: pam_unix(kde:auth): authentication failure; logname=<USER> uid=1000 euid=1000 tty= ruser= rhost= user=<USER>
2026-09-11T23:35:03.779119+02:00 runuser[50625]: session closed for user <USER>
2026-09-11T23:35:11.080881+02:00 systemd-logind: Session c3 logged out. Waiting for processes to exit.
2026-09-11T23:35:11.082068+02:00 systemd-logind: Removed session c3.
D287_01_FPRINTD_VERIFY_START_COUNT=0
D287_01_GOODIX_VERIFY_EPOCH_COUNT=0
D287_01_SELINUX_AVC_COUNT_IN_WINDOW=0
